// 重构日志: 8b26ba8b
// 重构日志: 64b82cc2
// 同步 ID: 30fb4f32 @ Sat Jul 25 13:11:28 UTC 2026
// 重构日志: 9a3a3073
// 重构日志: 197be542
// 重构日志: d93562df
// 同步 ID: d67d083c @ Sun Jul 26 10:34:37 UTC 2026
// 重构日志: bad8ab4a
// 重构日志: 77feec76
// 重构日志: a69302f6
// 同步 ID: c3a15a5e @ Sun Jul 26 20:34:34 UTC 2026
// 同步 ID: 90dc52c6 @ Mon Jul 27 09:30:04 UTC 2026
// 重构日志: c92bc0b5
// 同步 ID: 2adfead9 @ Mon Jul 27 22:37:15 UTC 2026
// 同步 ID: a570370c @ Tue Jul 28 15:09:01 UTC 2026
// 重构日志: f2d75bdc
// 重构日志: 08f58170
// 同步 ID: 48d5f17f @ Thu Jul 30 01:06:08 UTC 2026
// 重构日志: f7881a8f
// 重构日志: d8ecaffd
// 重构日志: ca8fdbe0
// 重构日志: 5fd142e2
// 重构日志: 24e2b689
// 同步 ID: 16647549 @ Sat Aug  1 12:35:46 UTC 2026
// 重构日志: d43a1bbc
// 重构日志: 040a696c
// 重构日志: c3def7a1
// 同步 ID: 0f0c5a34 @ Mon Aug  3 01:49:39 UTC 2026
// 重构日志: 6058736b
// 同步 ID: 8e346a41 @ Wed Aug  5 11:51:57 UTC 2026
